[
["", ""],
["Albacete", "CASTILLA LA MANCHA"],
["Alicante", "COMUNIDAD VALENCIANA"],
["Almería", "ANDALUCÍA"],
["Vitoria", "PAÍS VASCO"],
["Asturias", "PRINCIPADO DE ASTURIAS"],
["Ávila", "CASTILLA Y LEÓN"],
["Badajoz", "EXTREMADURA"],
["Barcelona", "CATALUÑA"],
["Bilbao", "PAÍS VASCO"],
["Burgos", "CASTILLA Y LEÓN"],
["Cáceres", "EXTREMADURA"],
["Cádiz", "ANDALUCÍA"],
["Cantabria", "CANTABRIA"],
["Castellón", "COMUNIDAD VALENCIANA"],
["Ciudad Real", "CASTILLA LA MANCHA"],
["Córdoba", "ANDALUCÍA"],
["A Coruña", "GALICIA"],
["Cuenca", "CASTILLA LA MANCHA"],
["Formentera", "BALEARES"],
["Gijón", "PRINCIPADO DE ASTURIAS"],
["Gipuzkoa", "PAÍS VASCO"],
["Girona", "CATALUÑA"],
["Granada", "ANDALUCÍA"],
["Guadalajara", "CASTILLA LA MANCHA"],
["Huelva", "ANDALUCÍA"],
["Huesca", "ARAGÓN"],
["Jaén", "ANDALUCÍA"],
["León", "CASTILLA Y LEÓN"],
["Lleida", "CATALUÑA"],
["Lugo", "GALICIA"],
["Madrid", "MADRID"],
["Málaga", "ANDALUCÍA"],
["Mallorca", "BALEARES"],
["Menorca", "BALEARES"],
["Mérida", "EXTREMADURA"],
["Murcia", "REGIÓN DE MURCIA"],
["Navarra", "NAVARRA"],
["Ourense", "GALICIA"],
["Oviedo", "PRINCIPADO DE ASTURIAS"],
["Palencia", "CASTILLA Y LEÓN"],
["Pamplona", "NAVARRA"],
["Las Palmas", "ISLAS CANARIAS"],
["Pontevedra", "GALICIA"],
["La Rioja", "LA RIOJA"],
["Salamanca", "CASTILLA Y LEÓN"],
["Santander", "CANTABRIA"],
["Tenerife", "ISLAS CANARIAS"],
["Segovia", "CASTILLA Y LEÓN"],
["Sevilla", "ANDALUCÍA"],
["Soria", "CASTILLA Y LEÓN"],
["Tarragona", "CATALUÑA"],
["Teruel", "ARAGÓN"],
["Toledo", "CASTILLA LA MANCHA"],
["Valencia", "COMUNIDAD VALENCIANA"],
["Valladolid", "CASTILLA Y LEÓN"],
["Zamora", "CASTILLA Y LEÓN"],
["Zaragoza", "ARAGÓN"],
["Fuerteventura", "ISLAS CANARIAS"],
["Lanzarote", "ISLAS CANARIAS"],
["La Palma", "ISLAS CANARIAS"],
["El Hierro", "ISLAS CANARIAS"],
["La Gomera", "ISLAS CANARIAS"]
]