[
  ["direccion", "direccion"],
  ["edad", "edad"],
  ["mejor amigo", "mejoramigo"],
  ["mejor amiga", "mejoramiga"],
  ["cumple", "cumple"],
  ["lugar de nacimeinto", "lugarnacimiento"],
  ["novio", "novio"],
  ["novia", "novia"],
  ["hermano", "hermano"],
  ["gato", "gato"],
  ["ciudad", "ciudad"],
  ["pais", "pais"],
  ["pueblo", "pueblo"],
  ["nombre personalizado", "nombrepersonalizado"],
  ["hija", "hija"],
  ["telefono", "telefono"],
  ["perro", "perro"],
  ["email", "email"],
  ["empleado", "empleado"],
  ["iguala", "iguala"],
  ["padre", "padre"],
  ["actor favorito", "actorfavorito"],
  ["actrizfavorita", "actrizfavorita"],
  ["grupo favorito", "grupofavorito"],
  ["libro favorito", "librofavorito"],
  ["coche favorito", "cochefavorito"],
  ["color favorito", "colorfavorito"],
  ["bebida favorita", "bebidafavorita"],
  ["comida favorita", "comidafavorita"],
  ["helado favorito", "heladofavorito"],
  ["pelicula favorita", "peliculafavorita"],
  ["cancion favorita", "cancionfavorita"],
  ["deporte favorito", "deportefavorito"],
  ["programa favorito", "programafavorito"],
  ["primer nombre", "primernombre"],
  ["amigo", "amigo"],
  ["amiga", "amiga"],
  ["genero", "genero"],
  ["pelo", "pelo"],
  ["has", "has"],
  ["el", "el"],
  ["marido", "marido"],
  ["esnumero", "esnumero"],
  ["it", "it"],
  ["apellido", "apellido"],
  ["gustos", "gustos"],
  ["localizacion", "localizacion"],
  ["meta", "meta"],
  ["madre", "madre"],
  ["nombre", "nombre"],
  ["nuevo contacto", "nuevocontacto"],
  ["nueva pareja", "nuevapareja"],
  ["orientacion", "orientacion"],
  ["provincia", "provincia"],
  ["religion", "religion"],
  ["residencia", "residencia"],
  ["ella", "ella"],
  ["zodiaco", "zodiaco"],
  ["hermana", "hermana"],
  ["comunidad autonoma", "comunidadautonoma"],
  ["estado", "estado"],
  ["calle", "calle"],
  ["ahi", "ahi"],
  ["ellos", "ellos"],
  ["topic", "topic"],
  ["nosotros", "nosotros"],
  ["esposa", "esposa"],
    ["barz" ,"fooz"]
]